Archive member included because of file (symbol)

c:/my files/emmbeded sys/imt tools/sdk/imt_sdk_win_64/winavr/bin/../lib/gcc/avr/4.3.3/avr5\libgcc.a(_udivmodsi4.o)
                              ./main.o (__udivmodsi4)
c:/my files/emmbeded sys/imt tools/sdk/imt_sdk_win_64/winavr/bin/../lib/gcc/avr/4.3.3/avr5\libgcc.a(_exit.o)
                              c:/my files/emmbeded sys/imt tools/sdk/imt_sdk_win_64/winavr/bin/../lib/gcc/avr/4.3.3/../../../../avr/lib/avr5/crtm32.o (exit)
c:/my files/emmbeded sys/imt tools/sdk/imt_sdk_win_64/winavr/bin/../lib/gcc/avr/4.3.3/avr5\libgcc.a(_copy_data.o)
                              ./HAL/5-KEYPAD/KPD_program.o (__do_copy_data)
c:/my files/emmbeded sys/imt tools/sdk/imt_sdk_win_64/winavr/bin/../lib/gcc/avr/4.3.3/avr5\libgcc.a(_clear_bss.o)
                              ./MCAL/2- EXTI/EXTI_Program.o (__do_clear_bss)
c:/my files/emmbeded sys/imt tools/sdk/imt_sdk_win_64/winavr/bin/../lib/gcc/avr/4.3.3/avr5\libgcc.a(_ashldi3.o)
                              ./HAL/4-LCD/CLCD_program.o (__ashldi3)
c:/my files/emmbeded sys/imt tools/sdk/imt_sdk_win_64/winavr/bin/../lib/gcc/avr/4.3.3/avr5\libgcc.a(_fixunssfsi.o)
                              ./HAL/5-KEYPAD/KPD_program.o (__fixunssfsi)
c:/my files/emmbeded sys/imt tools/sdk/imt_sdk_win_64/winavr/bin/../lib/gcc/avr/4.3.3/avr5\libgcc.a(_fixunssfdi.o)
                              ./main.o (__fixunssfdi)
c:/my files/emmbeded sys/imt tools/sdk/imt_sdk_win_64/winavr/bin/../lib/gcc/avr/4.3.3/avr5\libgcc.a(_udivdi3.o)
                              ./HAL/4-LCD/CLCD_program.o (__udivdi3)
c:/my files/emmbeded sys/imt tools/sdk/imt_sdk_win_64/winavr/bin/../lib/gcc/avr/4.3.3/avr5\libgcc.a(_umoddi3.o)
                              ./HAL/4-LCD/CLCD_program.o (__umoddi3)
c:/my files/emmbeded sys/imt tools/sdk/imt_sdk_win_64/winavr/bin/../lib/gcc/avr/4.3.3/avr5\libgcc.a(_addsub_sf.o)
                              ./main.o (__subsf3)
c:/my files/emmbeded sys/imt tools/sdk/imt_sdk_win_64/winavr/bin/../lib/gcc/avr/4.3.3/avr5\libgcc.a(_mul_sf.o)
                              ./HAL/5-KEYPAD/KPD_program.o (__mulsf3)
c:/my files/emmbeded sys/imt tools/sdk/imt_sdk_win_64/winavr/bin/../lib/gcc/avr/4.3.3/avr5\libgcc.a(_div_sf.o)
                              ./main.o (__divsf3)
c:/my files/emmbeded sys/imt tools/sdk/imt_sdk_win_64/winavr/bin/../lib/gcc/avr/4.3.3/avr5\libgcc.a(_eq_sf.o)
                              ./main.o (__eqsf2)
c:/my files/emmbeded sys/imt tools/sdk/imt_sdk_win_64/winavr/bin/../lib/gcc/avr/4.3.3/avr5\libgcc.a(_gt_sf.o)
                              ./HAL/5-KEYPAD/KPD_program.o (__gtsf2)
c:/my files/emmbeded sys/imt tools/sdk/imt_sdk_win_64/winavr/bin/../lib/gcc/avr/4.3.3/avr5\libgcc.a(_ge_sf.o)
                              c:/my files/emmbeded sys/imt tools/sdk/imt_sdk_win_64/winavr/bin/../lib/gcc/avr/4.3.3/avr5\libgcc.a(_fixunssfsi.o) (__gesf2)
c:/my files/emmbeded sys/imt tools/sdk/imt_sdk_win_64/winavr/bin/../lib/gcc/avr/4.3.3/avr5\libgcc.a(_lt_sf.o)
                              ./HAL/5-KEYPAD/KPD_program.o (__ltsf2)
c:/my files/emmbeded sys/imt tools/sdk/imt_sdk_win_64/winavr/bin/../lib/gcc/avr/4.3.3/avr5\libgcc.a(_sf_to_si.o)
                              c:/my files/emmbeded sys/imt tools/sdk/imt_sdk_win_64/winavr/bin/../lib/gcc/avr/4.3.3/avr5\libgcc.a(_fixunssfsi.o) (__fixsfsi)
c:/my files/emmbeded sys/imt tools/sdk/imt_sdk_win_64/winavr/bin/../lib/gcc/avr/4.3.3/avr5\libgcc.a(_thenan_sf.o)
                              c:/my files/emmbeded sys/imt tools/sdk/imt_sdk_win_64/winavr/bin/../lib/gcc/avr/4.3.3/avr5\libgcc.a(_addsub_sf.o) (__thenan_sf)
c:/my files/emmbeded sys/imt tools/sdk/imt_sdk_win_64/winavr/bin/../lib/gcc/avr/4.3.3/avr5\libgcc.a(_usi_to_sf.o)
                              ./main.o (__floatunsisf)
c:/my files/emmbeded sys/imt tools/sdk/imt_sdk_win_64/winavr/bin/../lib/gcc/avr/4.3.3/avr5\libgcc.a(_mulsi3.o)
                              c:/my files/emmbeded sys/imt tools/sdk/imt_sdk_win_64/winavr/bin/../lib/gcc/avr/4.3.3/avr5\libgcc.a(_udivdi3.o) (__mulsi3)
c:/my files/emmbeded sys/imt tools/sdk/imt_sdk_win_64/winavr/bin/../lib/gcc/avr/4.3.3/avr5\libgcc.a(_prologue.o)
                              c:/my files/emmbeded sys/imt tools/sdk/imt_sdk_win_64/winavr/bin/../lib/gcc/avr/4.3.3/avr5\libgcc.a(_fixunssfdi.o) (__prologue_saves__)
c:/my files/emmbeded sys/imt tools/sdk/imt_sdk_win_64/winavr/bin/../lib/gcc/avr/4.3.3/avr5\libgcc.a(_epilogue.o)
                              c:/my files/emmbeded sys/imt tools/sdk/imt_sdk_win_64/winavr/bin/../lib/gcc/avr/4.3.3/avr5\libgcc.a(_fixunssfdi.o) (__epilogue_restores__)
c:/my files/emmbeded sys/imt tools/sdk/imt_sdk_win_64/winavr/bin/../lib/gcc/avr/4.3.3/avr5\libgcc.a(_clz.o)
                              c:/my files/emmbeded sys/imt tools/sdk/imt_sdk_win_64/winavr/bin/../lib/gcc/avr/4.3.3/avr5\libgcc.a(_udivdi3.o) (__clz_tab)
c:/my files/emmbeded sys/imt tools/sdk/imt_sdk_win_64/winavr/bin/../lib/gcc/avr/4.3.3/avr5\libgcc.a(_clzsi2.o)
                              c:/my files/emmbeded sys/imt tools/sdk/imt_sdk_win_64/winavr/bin/../lib/gcc/avr/4.3.3/avr5\libgcc.a(_usi_to_sf.o) (__clzsi2)
c:/my files/emmbeded sys/imt tools/sdk/imt_sdk_win_64/winavr/bin/../lib/gcc/avr/4.3.3/avr5\libgcc.a(_pack_sf.o)
                              c:/my files/emmbeded sys/imt tools/sdk/imt_sdk_win_64/winavr/bin/../lib/gcc/avr/4.3.3/avr5\libgcc.a(_addsub_sf.o) (__pack_f)
c:/my files/emmbeded sys/imt tools/sdk/imt_sdk_win_64/winavr/bin/../lib/gcc/avr/4.3.3/avr5\libgcc.a(_unpack_sf.o)
                              c:/my files/emmbeded sys/imt tools/sdk/imt_sdk_win_64/winavr/bin/../lib/gcc/avr/4.3.3/avr5\libgcc.a(_addsub_sf.o) (__unpack_f)
c:/my files/emmbeded sys/imt tools/sdk/imt_sdk_win_64/winavr/bin/../lib/gcc/avr/4.3.3/avr5\libgcc.a(_fpcmp_parts_sf.o)
                              c:/my files/emmbeded sys/imt tools/sdk/imt_sdk_win_64/winavr/bin/../lib/gcc/avr/4.3.3/avr5\libgcc.a(_eq_sf.o) (__fpcmp_parts_f)

Memory Configuration

Name             Origin             Length             Attributes
text             0x00000000         0x00020000         xr
data             0x00800060         0x0000ffa0         rw !x
eeprom           0x00810000         0x00010000         rw !x
fuse             0x00820000         0x00000400         rw !x
lock             0x00830000         0x00000400         rw !x
signature        0x00840000         0x00000400         rw !x
*default*        0x00000000         0xffffffff

Linker script and memory map

LOAD c:/my files/emmbeded sys/imt tools/sdk/imt_sdk_win_64/winavr/bin/../lib/gcc/avr/4.3.3/../../../../avr/lib/avr5/crtm32.o
LOAD ./MCAL/3- GIE/GIE_program.o
LOAD ./MCAL/2- EXTI/EXTI_Program.o
LOAD ./MCAL/1-DIO/DIO_program.o
LOAD ./HAL/5-KEYPAD/KPD_program.o
LOAD ./HAL/4-LCD/CLCD_program.o
LOAD ./main.o
LOAD c:/my files/emmbeded sys/imt tools/sdk/imt_sdk_win_64/winavr/bin/../lib/gcc/avr/4.3.3/avr5\libgcc.a
LOAD c:/my files/emmbeded sys/imt tools/sdk/imt_sdk_win_64/winavr/bin/../lib/gcc/avr/4.3.3/../../../../avr/lib/avr5\libc.a
LOAD c:/my files/emmbeded sys/imt tools/sdk/imt_sdk_win_64/winavr/bin/../lib/gcc/avr/4.3.3/avr5\libgcc.a

.hash
 *(.hash)

.dynsym
 *(.dynsym)

.dynstr
 *(.dynstr)

.gnu.version
 *(.gnu.version)

.gnu.version_d
 *(.gnu.version_d)

.gnu.version_r
 *(.gnu.version_r)

.rel.init
 *(.rel.init)

.rela.init
 *(.rela.init)

.rel.text
 *(.rel.text)
 *(.rel.text.*)
 *(.rel.gnu.linkonce.t*)

.rela.text
 *(.rela.text)
 *(.rela.text.*)
 *(.rela.gnu.linkonce.t*)

.rel.fini
 *(.rel.fini)

.rela.fini
 *(.rela.fini)

.rel.rodata
 *(.rel.rodata)
 *(.rel.rodata.*)
 *(.rel.gnu.linkonce.r*)

.rela.rodata
 *(.rela.rodata)
 *(.rela.rodata.*)
 *(.rela.gnu.linkonce.r*)

.rel.data
 *(.rel.data)
 *(.rel.data.*)
 *(.rel.gnu.linkonce.d*)

.rela.data
 *(.rela.data)
 *(.rela.data.*)
 *(.rela.gnu.linkonce.d*)

.rel.ctors
 *(.rel.ctors)

.rela.ctors
 *(.rela.ctors)

.rel.dtors
 *(.rel.dtors)

.rela.dtors
 *(.rela.dtors)

.rel.got
 *(.rel.got)

.rela.got
 *(.rela.got)

.rel.bss
 *(.rel.bss)

.rela.bss
 *(.rela.bss)

.rel.plt
 *(.rel.plt)

.rela.plt
 *(.rela.plt)

.text           0x00000000     0x627c
 *(.vectors)
 .vectors       0x00000000       0x54 c:/my files/emmbeded sys/imt tools/sdk/imt_sdk_win_64/winavr/bin/../lib/gcc/avr/4.3.3/../../../../avr/lib/avr5/crtm32.o
                0x00000000                __vectors
                0x00000000                __vector_default
 *(.vectors)
 *(.progmem.gcc*)
 *(.progmem*)
                0x00000054                . = ALIGN (0x2)
                0x00000054                __trampolines_start = .
 *(.trampolines)
 .trampolines   0x00000054        0x0 linker stubs
 *(.trampolines*)
                0x00000054                __trampolines_end = .
 *(.jumptables)
 *(.jumptables*)
 *(.lowtext)
 *(.lowtext*)
                0x00000054                __ctors_start = .
 *(.ctors)
                0x00000054                __ctors_end = .
                0x00000054                __dtors_start = .
 *(.dtors)
                0x00000054                __dtors_end = .
 SORT(*)(.ctors)
 SORT(*)(.dtors)
 *(.init0)
 .init0         0x00000054        0x0 c:/my files/emmbeded sys/imt tools/sdk/imt_sdk_win_64/winavr/bin/../lib/gcc/avr/4.3.3/../../../../avr/lib/avr5/crtm32.o
                0x00000054                __init
 *(.init0)
 *(.init1)
 *(.init1)
 *(.init2)
 .init2         0x00000054        0xc c:/my files/emmbeded sys/imt tools/sdk/imt_sdk_win_64/winavr/bin/../lib/gcc/avr/4.3.3/../../../../avr/lib/avr5/crtm32.o
 *(.init2)
 *(.init3)
 *(.init3)
 *(.init4)
 .init4         0x00000060       0x16 c:/my files/emmbeded sys/imt tools/sdk/imt_sdk_win_64/winavr/bin/../lib/gcc/avr/4.3.3/avr5\libgcc.a(_copy_data.o)
                0x00000060                __do_copy_data
 .init4         0x00000076       0x10 c:/my files/emmbeded sys/imt tools/sdk/imt_sdk_win_64/winavr/bin/../lib/gcc/avr/4.3.3/avr5\libgcc.a(_clear_bss.o)
                0x00000076                __do_clear_bss
 *(.init4)
 *(.init5)
 *(.init5)
 *(.init6)
 *(.init6)
 *(.init7)
 *(.init7)
 *(.init8)
 *(.init8)
 *(.init9)
 .init9         0x00000086        0x8 c:/my files/emmbeded sys/imt tools/sdk/imt_sdk_win_64/winavr/bin/../lib/gcc/avr/4.3.3/../../../../avr/lib/avr5/crtm32.o
 *(.init9)
 *(.text)
 .text          0x0000008e        0x4 c:/my files/emmbeded sys/imt tools/sdk/imt_sdk_win_64/winavr/bin/../lib/gcc/avr/4.3.3/../../../../avr/lib/avr5/crtm32.o
                0x0000008e                __vector_12
                0x0000008e                __bad_interrupt
                0x0000008e                __vector_6
                0x0000008e                __vector_11
                0x0000008e                __vector_13
                0x0000008e                __vector_17
                0x0000008e                __vector_19
                0x0000008e                __vector_7
                0x0000008e                __vector_5
                0x0000008e                __vector_4
                0x0000008e                __vector_9
                0x0000008e                __vector_15
                0x0000008e                __vector_8
                0x0000008e                __vector_14
                0x0000008e                __vector_10
                0x0000008e                __vector_16
                0x0000008e                __vector_18
                0x0000008e                __vector_20
 .text          0x00000092        0x0 ./MCAL/3- GIE/GIE_program.o
 .text          0x00000092        0x0 ./MCAL/2- EXTI/EXTI_Program.o
 .text          0x00000092        0x0 ./MCAL/1-DIO/DIO_program.o
 .text          0x00000092        0x0 ./HAL/5-KEYPAD/KPD_program.o
 .text          0x00000092        0x0 ./HAL/4-LCD/CLCD_program.o
 .text          0x00000092        0x0 ./main.o
 .text          0x00000092        0x0 c:/my files/emmbeded sys/imt tools/sdk/imt_sdk_win_64/winavr/bin/../lib/gcc/avr/4.3.3/avr5\libgcc.a(_udivmodsi4.o)
 .text          0x00000092        0x0 c:/my files/emmbeded sys/imt tools/sdk/imt_sdk_win_64/winavr/bin/../lib/gcc/avr/4.3.3/avr5\libgcc.a(_exit.o)
 .text          0x00000092        0x0 c:/my files/emmbeded sys/imt tools/sdk/imt_sdk_win_64/winavr/bin/../lib/gcc/avr/4.3.3/avr5\libgcc.a(_copy_data.o)
 .text          0x00000092        0x0 c:/my files/emmbeded sys/imt tools/sdk/imt_sdk_win_64/winavr/bin/../lib/gcc/avr/4.3.3/avr5\libgcc.a(_clear_bss.o)
 .text          0x00000092       0xfe c:/my files/emmbeded sys/imt tools/sdk/imt_sdk_win_64/winavr/bin/../lib/gcc/avr/4.3.3/avr5\libgcc.a(_ashldi3.o)
                0x00000092                __ashldi3
 .text          0x00000190       0x58 c:/my files/emmbeded sys/imt tools/sdk/imt_sdk_win_64/winavr/bin/../lib/gcc/avr/4.3.3/avr5\libgcc.a(_fixunssfsi.o)
                0x00000190                __fixunssfsi
 .text          0x000001e8      0x150 c:/my files/emmbeded sys/imt tools/sdk/imt_sdk_win_64/winavr/bin/../lib/gcc/avr/4.3.3/avr5\libgcc.a(_fixunssfdi.o)
                0x000001e8                __fixunssfdi
 .text          0x00000338      0xcea c:/my files/emmbeded sys/imt tools/sdk/imt_sdk_win_64/winavr/bin/../lib/gcc/avr/4.3.3/avr5\libgcc.a(_udivdi3.o)
                0x00000338                __udivdi3
 .text          0x00001022      0xce0 c:/my files/emmbeded sys/imt tools/sdk/imt_sdk_win_64/winavr/bin/../lib/gcc/avr/4.3.3/avr5\libgcc.a(_umoddi3.o)
                0x00001022                __umoddi3
 .text          0x00001d02      0x354 c:/my files/emmbeded sys/imt tools/sdk/imt_sdk_win_64/winavr/bin/../lib/gcc/avr/4.3.3/avr5\libgcc.a(_addsub_sf.o)
                0x00001f9a                __subsf3
                0x00001ffc                __addsf3
 .text          0x00002056      0x1f4 c:/my files/emmbeded sys/imt tools/sdk/imt_sdk_win_64/winavr/bin/../lib/gcc/avr/4.3.3/avr5\libgcc.a(_mul_sf.o)
                0x00002056                __mulsf3
 .text          0x0000224a      0x158 c:/my files/emmbeded sys/imt tools/sdk/imt_sdk_win_64/winavr/bin/../lib/gcc/avr/4.3.3/avr5\libgcc.a(_div_sf.o)
                0x0000224a                __divsf3
 .text          0x000023a2       0x60 c:/my files/emmbeded sys/imt tools/sdk/imt_sdk_win_64/winavr/bin/../lib/gcc/avr/4.3.3/avr5\libgcc.a(_eq_sf.o)
                0x000023a2                __eqsf2
 .text          0x00002402       0x60 c:/my files/emmbeded sys/imt tools/sdk/imt_sdk_win_64/winavr/bin/../lib/gcc/avr/4.3.3/avr5\libgcc.a(_gt_sf.o)
                0x00002402                __gtsf2
 .text          0x00002462       0x60 c:/my files/emmbeded sys/imt tools/sdk/imt_sdk_win_64/winavr/bin/../lib/gcc/avr/4.3.3/avr5\libgcc.a(_ge_sf.o)
                0x00002462                __gesf2
 .text          0x000024c2       0x60 c:/my files/emmbeded sys/imt tools/sdk/imt_sdk_win_64/winavr/bin/../lib/gcc/avr/4.3.3/avr5\libgcc.a(_lt_sf.o)
                0x000024c2                __ltsf2
 .text          0x00002522       0xa8 c:/my files/emmbeded sys/imt tools/sdk/imt_sdk_win_64/winavr/bin/../lib/gcc/avr/4.3.3/avr5\libgcc.a(_sf_to_si.o)
                0x00002522                __fixsfsi
 .text          0x000025ca        0x0 c:/my files/emmbeded sys/imt tools/sdk/imt_sdk_win_64/winavr/bin/../lib/gcc/avr/4.3.3/avr5\libgcc.a(_thenan_sf.o)
 .text          0x000025ca       0xf2 c:/my files/emmbeded sys/imt tools/sdk/imt_sdk_win_64/winavr/bin/../lib/gcc/avr/4.3.3/avr5\libgcc.a(_usi_to_sf.o)
                0x000025ca                __floatunsisf
 .text          0x000026bc        0x0 c:/my files/emmbeded sys/imt tools/sdk/imt_sdk_win_64/winavr/bin/../lib/gcc/avr/4.3.3/avr5\libgcc.a(_mulsi3.o)
 .text          0x000026bc        0x0 c:/my files/emmbeded sys/imt tools/sdk/imt_sdk_win_64/winavr/bin/../lib/gcc/avr/4.3.3/avr5\libgcc.a(_prologue.o)
 .text          0x000026bc        0x0 c:/my files/emmbeded sys/imt tools/sdk/imt_sdk_win_64/winavr/bin/../lib/gcc/avr/4.3.3/avr5\libgcc.a(_epilogue.o)
 .text          0x000026bc        0x0 c:/my files/emmbeded sys/imt tools/sdk/imt_sdk_win_64/winavr/bin/../lib/gcc/avr/4.3.3/avr5\libgcc.a(_clz.o)
 .text          0x000026bc       0x9e c:/my files/emmbeded sys/imt tools/sdk/imt_sdk_win_64/winavr/bin/../lib/gcc/avr/4.3.3/avr5\libgcc.a(_clzsi2.o)
                0x000026bc                __clzsi2
 .text          0x0000275a      0x1aa c:/my files/emmbeded sys/imt tools/sdk/imt_sdk_win_64/winavr/bin/../lib/gcc/avr/4.3.3/avr5\libgcc.a(_pack_sf.o)
                0x0000275a                __pack_f
 .text          0x00002904       0xf0 c:/my files/emmbeded sys/imt tools/sdk/imt_sdk_win_64/winavr/bin/../lib/gcc/avr/4.3.3/avr5\libgcc.a(_unpack_sf.o)
                0x00002904                __unpack_f
 .text          0x000029f4       0xb2 c:/my files/emmbeded sys/imt tools/sdk/imt_sdk_win_64/winavr/bin/../lib/gcc/avr/4.3.3/avr5\libgcc.a(_fpcmp_parts_sf.o)
                0x000029f4                __fpcmp_parts_f
                0x00002aa6                . = ALIGN (0x2)
 *(.text.*)
 .text.GIE_void_Enable
                0x00002aa6       0x1c ./MCAL/3- GIE/GIE_program.o
                0x00002aa6                GIE_void_Enable
 .text.GIE_void_Disable
                0x00002ac2       0x1c ./MCAL/3- GIE/GIE_program.o
                0x00002ac2                GIE_void_Disable
 .text.EXTI_voidInit
                0x00002ade       0x7e ./MCAL/2- EXTI/EXTI_Program.o
                0x00002ade                EXTI_voidInit
 .text.EXTI_voidEnable
                0x00002b5c      0x22c ./MCAL/2- EXTI/EXTI_Program.o
                0x00002b5c                EXTI_voidEnable
 .text.EXTI_voidDisable
                0x00002d88       0x6e ./MCAL/2- EXTI/EXTI_Program.o
                0x00002d88                EXTI_voidDisable
 .text.EXTI_voidClearFlag
                0x00002df6       0x6e ./MCAL/2- EXTI/EXTI_Program.o
                0x00002df6                EXTI_voidClearFlag
 .text.EXTI_voidCallBack
                0x00002e64       0x3e ./MCAL/2- EXTI/EXTI_Program.o
                0x00002e64                EXTI_voidCallBack
 .text.__vector_1
                0x00002ea2       0x6c ./MCAL/2- EXTI/EXTI_Program.o
                0x00002ea2                __vector_1
 .text.__vector_2
                0x00002f0e       0x6c ./MCAL/2- EXTI/EXTI_Program.o
                0x00002f0e                __vector_2
 .text.__vector_3
                0x00002f7a       0x6c ./MCAL/2- EXTI/EXTI_Program.o
                0x00002f7a                __vector_3
 .text.DIO_enumSetPortDirection
                0x00002fe6       0x90 ./MCAL/1-DIO/DIO_program.o
                0x00002fe6                DIO_enumSetPortDirection
 .text.DIO_enumSetPortValue
                0x00003076       0x90 ./MCAL/1-DIO/DIO_program.o
                0x00003076                DIO_enumSetPortValue
 .text.DIO_enumSetPinDirection
                0x00003106      0x206 ./MCAL/1-DIO/DIO_program.o
                0x00003106                DIO_enumSetPinDirection
 .text.DIO_enumSetPinValue
                0x0000330c      0x202 ./MCAL/1-DIO/DIO_program.o
                0x0000330c                DIO_enumSetPinValue
 .text.DIO_enumGetPortValue
                0x0000350e       0xa4 ./MCAL/1-DIO/DIO_program.o
                0x0000350e                DIO_enumGetPortValue
 .text.DIO_enumGetPinValue
                0x000035b2      0x124 ./MCAL/1-DIO/DIO_program.o
                0x000035b2                DIO_enumGetPinValue
 .text.KPD_voidInit
                0x000036d6       0xae ./HAL/5-KEYPAD/KPD_program.o
                0x000036d6                KPD_voidInit
 .text.KPD_u8GetPressed
                0x00003784      0x1de ./HAL/5-KEYPAD/KPD_program.o
                0x00003784                KPD_u8GetPressed
 .text.CLCD_voidInit
                0x00003962      0x50a ./HAL/4-LCD/CLCD_program.o
                0x00003962                CLCD_voidInit
 .text.CLCD_voidSendData
                0x00003e6c      0x220 ./HAL/4-LCD/CLCD_program.o
                0x00003e6c                CLCD_voidSendData
 .text.CLCD_voidSendFloatData
                0x0000408c      0x238 ./HAL/4-LCD/CLCD_program.o
                0x0000408c                CLCD_voidSendFloatData
 .text.CLCD_voidSendCommend
                0x000042c4      0x220 ./HAL/4-LCD/CLCD_program.o
                0x000042c4                CLCD_voidSendCommend
 .text.CLCD_voidSendString
                0x000044e4       0x52 ./HAL/4-LCD/CLCD_program.o
                0x000044e4                CLCD_voidSendString
 .text.CLCD_voidSendNumber
                0x00004536      0x878 ./HAL/4-LCD/CLCD_program.o
                0x00004536                CLCD_voidSendNumber
 .text.CLCD_voidSendPostion
                0x00004dae       0x36 ./HAL/4-LCD/CLCD_program.o
                0x00004dae                CLCD_voidSendPostion
 .text.CLCD_voidSendExtraChar
                0x00004de4       0x46 ./HAL/4-LCD/CLCD_program.o
                0x00004de4                CLCD_voidSendExtraChar
 .text.CLCD_voidDrawExtraChar
                0x00004e2a       0x2c ./HAL/4-LCD/CLCD_program.o
                0x00004e2a                CLCD_voidDrawExtraChar
 .text.CLCD_voidClearDisplay
                0x00004e56      0x110 ./HAL/4-LCD/CLCD_program.o
                0x00004e56                CLCD_voidClearDisplay
 .text.main     0x00004f66      0xb9e ./main.o
                0x00004f66                main
 .text.toInt    0x00005b04       0x42 ./main.o
                0x00005b04                toInt
 .text.clearArray
                0x00005b46       0x3e ./main.o
                0x00005b46                clearArray
 .text.clearFArray
                0x00005b84       0x56 ./main.o
                0x00005b84                clearFArray
 .text.calcDIVandMul
                0x00005bda      0x3a6 ./main.o
                0x00005bda                calcDIVandMul
 .text.calcADDandSUB
                0x00005f80      0x208 ./main.o
                0x00005f80                calcADDandSUB
 .text.libgcc   0x00006188       0x44 c:/my files/emmbeded sys/imt tools/sdk/imt_sdk_win_64/winavr/bin/../lib/gcc/avr/4.3.3/avr5\libgcc.a(_udivmodsi4.o)
                0x00006188                __udivmodsi4
 .text.libgcc   0x000061cc        0x0 c:/my files/emmbeded sys/imt tools/sdk/imt_sdk_win_64/winavr/bin/../lib/gcc/avr/4.3.3/avr5\libgcc.a(_exit.o)
 .text.libgcc   0x000061cc        0x0 c:/my files/emmbeded sys/imt tools/sdk/imt_sdk_win_64/winavr/bin/../lib/gcc/avr/4.3.3/avr5\libgcc.a(_copy_data.o)
 .text.libgcc   0x000061cc        0x0 c:/my files/emmbeded sys/imt tools/sdk/imt_sdk_win_64/winavr/bin/../lib/gcc/avr/4.3.3/avr5\libgcc.a(_clear_bss.o)
 .text.libgcc   0x000061cc       0x3e c:/my files/emmbeded sys/imt tools/sdk/imt_sdk_win_64/winavr/bin/../lib/gcc/avr/4.3.3/avr5\libgcc.a(_mulsi3.o)
                0x000061cc                __mulsi3
 .text.libgcc   0x0000620a       0x38 c:/my files/emmbeded sys/imt tools/sdk/imt_sdk_win_64/winavr/bin/../lib/gcc/avr/4.3.3/avr5\libgcc.a(_prologue.o)
                0x0000620a                __prologue_saves__
 .text.libgcc   0x00006242       0x36 c:/my files/emmbeded sys/imt tools/sdk/imt_sdk_win_64/winavr/bin/../lib/gcc/avr/4.3.3/avr5\libgcc.a(_epilogue.o)
                0x00006242                __epilogue_restores__
                0x00006278                . = ALIGN (0x2)
 *(.fini9)
 .fini9         0x00006278        0x0 c:/my files/emmbeded sys/imt tools/sdk/imt_sdk_win_64/winavr/bin/../lib/gcc/avr/4.3.3/avr5\libgcc.a(_exit.o)
                0x00006278                exit
                0x00006278                _exit
 *(.fini9)
 *(.fini8)
 *(.fini8)
 *(.fini7)
 *(.fini7)
 *(.fini6)
 *(.fini6)
 *(.fini5)
 *(.fini5)
 *(.fini4)
 *(.fini4)
 *(.fini3)
 *(.fini3)
 *(.fini2)
 *(.fini2)
 *(.fini1)
 *(.fini1)
 *(.fini0)
 .fini0         0x00006278        0x4 c:/my files/emmbeded sys/imt tools/sdk/imt_sdk_win_64/winavr/bin/../lib/gcc/avr/4.3.3/avr5\libgcc.a(_exit.o)
 *(.fini0)
                0x0000627c                _etext = .

.data           0x00800060      0x14e load address 0x0000627c
                0x00800060                PROVIDE (__data_start, .)
 *(.data)
 .data          0x00800060        0x0 c:/my files/emmbeded sys/imt tools/sdk/imt_sdk_win_64/winavr/bin/../lib/gcc/avr/4.3.3/../../../../avr/lib/avr5/crtm32.o
 .data          0x00800060        0x0 ./MCAL/3- GIE/GIE_program.o
 .data          0x00800060        0x0 ./MCAL/2- EXTI/EXTI_Program.o
 .data          0x00800060        0x0 ./MCAL/1-DIO/DIO_program.o
 .data          0x00800060        0x0 ./HAL/5-KEYPAD/KPD_program.o
 .data          0x00800060        0x0 ./HAL/4-LCD/CLCD_program.o
 .data          0x00800060       0x36 ./main.o
 .data          0x00800096        0x0 c:/my files/emmbeded sys/imt tools/sdk/imt_sdk_win_64/winavr/bin/../lib/gcc/avr/4.3.3/avr5\libgcc.a(_udivmodsi4.o)
 .data          0x00800096        0x0 c:/my files/emmbeded sys/imt tools/sdk/imt_sdk_win_64/winavr/bin/../lib/gcc/avr/4.3.3/avr5\libgcc.a(_exit.o)
 .data          0x00800096        0x0 c:/my files/emmbeded sys/imt tools/sdk/imt_sdk_win_64/winavr/bin/../lib/gcc/avr/4.3.3/avr5\libgcc.a(_copy_data.o)
 .data          0x00800096        0x0 c:/my files/emmbeded sys/imt tools/sdk/imt_sdk_win_64/winavr/bin/../lib/gcc/avr/4.3.3/avr5\libgcc.a(_clear_bss.o)
 .data          0x00800096        0x0 c:/my files/emmbeded sys/imt tools/sdk/imt_sdk_win_64/winavr/bin/../lib/gcc/avr/4.3.3/avr5\libgcc.a(_ashldi3.o)
 .data          0x00800096        0x0 c:/my files/emmbeded sys/imt tools/sdk/imt_sdk_win_64/winavr/bin/../lib/gcc/avr/4.3.3/avr5\libgcc.a(_fixunssfsi.o)
 .data          0x00800096        0x0 c:/my files/emmbeded sys/imt tools/sdk/imt_sdk_win_64/winavr/bin/../lib/gcc/avr/4.3.3/avr5\libgcc.a(_fixunssfdi.o)
 .data          0x00800096        0x0 c:/my files/emmbeded sys/imt tools/sdk/imt_sdk_win_64/winavr/bin/../lib/gcc/avr/4.3.3/avr5\libgcc.a(_udivdi3.o)
 .data          0x00800096        0x0 c:/my files/emmbeded sys/imt tools/sdk/imt_sdk_win_64/winavr/bin/../lib/gcc/avr/4.3.3/avr5\libgcc.a(_umoddi3.o)
 .data          0x00800096        0x0 c:/my files/emmbeded sys/imt tools/sdk/imt_sdk_win_64/winavr/bin/../lib/gcc/avr/4.3.3/avr5\libgcc.a(_addsub_sf.o)
 .data          0x00800096        0x0 c:/my files/emmbeded sys/imt tools/sdk/imt_sdk_win_64/winavr/bin/../lib/gcc/avr/4.3.3/avr5\libgcc.a(_mul_sf.o)
 .data          0x00800096        0x0 c:/my files/emmbeded sys/imt tools/sdk/imt_sdk_win_64/winavr/bin/../lib/gcc/avr/4.3.3/avr5\libgcc.a(_div_sf.o)
 .data          0x00800096        0x0 c:/my files/emmbeded sys/imt tools/sdk/imt_sdk_win_64/winavr/bin/../lib/gcc/avr/4.3.3/avr5\libgcc.a(_eq_sf.o)
 .data          0x00800096        0x0 c:/my files/emmbeded sys/imt tools/sdk/imt_sdk_win_64/winavr/bin/../lib/gcc/avr/4.3.3/avr5\libgcc.a(_gt_sf.o)
 .data          0x00800096        0x0 c:/my files/emmbeded sys/imt tools/sdk/imt_sdk_win_64/winavr/bin/../lib/gcc/avr/4.3.3/avr5\libgcc.a(_ge_sf.o)
 .data          0x00800096        0x0 c:/my files/emmbeded sys/imt tools/sdk/imt_sdk_win_64/winavr/bin/../lib/gcc/avr/4.3.3/avr5\libgcc.a(_lt_sf.o)
 .data          0x00800096        0x0 c:/my files/emmbeded sys/imt tools/sdk/imt_sdk_win_64/winavr/bin/../lib/gcc/avr/4.3.3/avr5\libgcc.a(_sf_to_si.o)
 .data          0x00800096        0x8 c:/my files/emmbeded sys/imt tools/sdk/imt_sdk_win_64/winavr/bin/../lib/gcc/avr/4.3.3/avr5\libgcc.a(_thenan_sf.o)
                0x00800096                __thenan_sf
 .data          0x0080009e        0x0 c:/my files/emmbeded sys/imt tools/sdk/imt_sdk_win_64/winavr/bin/../lib/gcc/avr/4.3.3/avr5\libgcc.a(_usi_to_sf.o)
 .data          0x0080009e        0x0 c:/my files/emmbeded sys/imt tools/sdk/imt_sdk_win_64/winavr/bin/../lib/gcc/avr/4.3.3/avr5\libgcc.a(_mulsi3.o)
 .data          0x0080009e        0x0 c:/my files/emmbeded sys/imt tools/sdk/imt_sdk_win_64/winavr/bin/../lib/gcc/avr/4.3.3/avr5\libgcc.a(_prologue.o)
 .data          0x0080009e        0x0 c:/my files/emmbeded sys/imt tools/sdk/imt_sdk_win_64/winavr/bin/../lib/gcc/avr/4.3.3/avr5\libgcc.a(_epilogue.o)
 .data          0x0080009e      0x100 c:/my files/emmbeded sys/imt tools/sdk/imt_sdk_win_64/winavr/bin/../lib/gcc/avr/4.3.3/avr5\libgcc.a(_clz.o)
                0x0080009e                __clz_tab
 .data          0x0080019e        0x0 c:/my files/emmbeded sys/imt tools/sdk/imt_sdk_win_64/winavr/bin/../lib/gcc/avr/4.3.3/avr5\libgcc.a(_clzsi2.o)
 .data          0x0080019e        0x0 c:/my files/emmbeded sys/imt tools/sdk/imt_sdk_win_64/winavr/bin/../lib/gcc/avr/4.3.3/avr5\libgcc.a(_pack_sf.o)
 .data          0x0080019e        0x0 c:/my files/emmbeded sys/imt tools/sdk/imt_sdk_win_64/winavr/bin/../lib/gcc/avr/4.3.3/avr5\libgcc.a(_unpack_sf.o)
 .data          0x0080019e        0x0 c:/my files/emmbeded sys/imt tools/sdk/imt_sdk_win_64/winavr/bin/../lib/gcc/avr/4.3.3/avr5\libgcc.a(_fpcmp_parts_sf.o)
 *(.data*)
 .data.KPD_u8Buttons
                0x0080019e       0x10 ./HAL/5-KEYPAD/KPD_program.o
                0x0080019e                KPD_u8Buttons
 *(.rodata)
 *(.rodata*)
 *(.gnu.linkonce.d*)
                0x008001ae                . = ALIGN (0x2)
                0x008001ae                _edata = .
                0x008001ae                PROVIDE (__data_end, .)

.bss            0x008001ae        0x6
                0x008001ae                PROVIDE (__bss_start, .)
 *(.bss)
 .bss           0x008001ae        0x0 c:/my files/emmbeded sys/imt tools/sdk/imt_sdk_win_64/winavr/bin/../lib/gcc/avr/4.3.3/../../../../avr/lib/avr5/crtm32.o
 .bss           0x008001ae        0x0 ./MCAL/3- GIE/GIE_program.o
 .bss           0x008001ae        0x0 ./MCAL/2- EXTI/EXTI_Program.o
 .bss           0x008001ae        0x0 ./MCAL/1-DIO/DIO_program.o
 .bss           0x008001ae        0x0 ./HAL/5-KEYPAD/KPD_program.o
 .bss           0x008001ae        0x0 ./HAL/4-LCD/CLCD_program.o
 .bss           0x008001ae        0x0 ./main.o
 .bss           0x008001ae        0x0 c:/my files/emmbeded sys/imt tools/sdk/imt_sdk_win_64/winavr/bin/../lib/gcc/avr/4.3.3/avr5\libgcc.a(_udivmodsi4.o)
 .bss           0x008001ae        0x0 c:/my files/emmbeded sys/imt tools/sdk/imt_sdk_win_64/winavr/bin/../lib/gcc/avr/4.3.3/avr5\libgcc.a(_exit.o)
 .bss           0x008001ae        0x0 c:/my files/emmbeded sys/imt tools/sdk/imt_sdk_win_64/winavr/bin/../lib/gcc/avr/4.3.3/avr5\libgcc.a(_copy_data.o)
 .bss           0x008001ae        0x0 c:/my files/emmbeded sys/imt tools/sdk/imt_sdk_win_64/winavr/bin/../lib/gcc/avr/4.3.3/avr5\libgcc.a(_clear_bss.o)
 .bss           0x008001ae        0x0 c:/my files/emmbeded sys/imt tools/sdk/imt_sdk_win_64/winavr/bin/../lib/gcc/avr/4.3.3/avr5\libgcc.a(_ashldi3.o)
 .bss           0x008001ae        0x0 c:/my files/emmbeded sys/imt tools/sdk/imt_sdk_win_64/winavr/bin/../lib/gcc/avr/4.3.3/avr5\libgcc.a(_fixunssfsi.o)
 .bss           0x008001ae        0x0 c:/my files/emmbeded sys/imt tools/sdk/imt_sdk_win_64/winavr/bin/../lib/gcc/avr/4.3.3/avr5\libgcc.a(_fixunssfdi.o)
 .bss           0x008001ae        0x0 c:/my files/emmbeded sys/imt tools/sdk/imt_sdk_win_64/winavr/bin/../lib/gcc/avr/4.3.3/avr5\libgcc.a(_udivdi3.o)
 .bss           0x008001ae        0x0 c:/my files/emmbeded sys/imt tools/sdk/imt_sdk_win_64/winavr/bin/../lib/gcc/avr/4.3.3/avr5\libgcc.a(_umoddi3.o)
 .bss           0x008001ae        0x0 c:/my files/emmbeded sys/imt tools/sdk/imt_sdk_win_64/winavr/bin/../lib/gcc/avr/4.3.3/avr5\libgcc.a(_addsub_sf.o)
 .bss           0x008001ae        0x0 c:/my files/emmbeded sys/imt tools/sdk/imt_sdk_win_64/winavr/bin/../lib/gcc/avr/4.3.3/avr5\libgcc.a(_mul_sf.o)
 .bss           0x008001ae        0x0 c:/my files/emmbeded sys/imt tools/sdk/imt_sdk_win_64/winavr/bin/../lib/gcc/avr/4.3.3/avr5\libgcc.a(_div_sf.o)
 .bss           0x008001ae        0x0 c:/my files/emmbeded sys/imt tools/sdk/imt_sdk_win_64/winavr/bin/../lib/gcc/avr/4.3.3/avr5\libgcc.a(_eq_sf.o)
 .bss           0x008001ae        0x0 c:/my files/emmbeded sys/imt tools/sdk/imt_sdk_win_64/winavr/bin/../lib/gcc/avr/4.3.3/avr5\libgcc.a(_gt_sf.o)
 .bss           0x008001ae        0x0 c:/my files/emmbeded sys/imt tools/sdk/imt_sdk_win_64/winavr/bin/../lib/gcc/avr/4.3.3/avr5\libgcc.a(_ge_sf.o)
 .bss           0x008001ae        0x0 c:/my files/emmbeded sys/imt tools/sdk/imt_sdk_win_64/winavr/bin/../lib/gcc/avr/4.3.3/avr5\libgcc.a(_lt_sf.o)
 .bss           0x008001ae        0x0 c:/my files/emmbeded sys/imt tools/sdk/imt_sdk_win_64/winavr/bin/../lib/gcc/avr/4.3.3/avr5\libgcc.a(_sf_to_si.o)
 .bss           0x008001ae        0x0 c:/my files/emmbeded sys/imt tools/sdk/imt_sdk_win_64/winavr/bin/../lib/gcc/avr/4.3.3/avr5\libgcc.a(_thenan_sf.o)
 .bss           0x008001ae        0x0 c:/my files/emmbeded sys/imt tools/sdk/imt_sdk_win_64/winavr/bin/../lib/gcc/avr/4.3.3/avr5\libgcc.a(_usi_to_sf.o)
 .bss           0x008001ae        0x0 c:/my files/emmbeded sys/imt tools/sdk/imt_sdk_win_64/winavr/bin/../lib/gcc/avr/4.3.3/avr5\libgcc.a(_mulsi3.o)
 .bss           0x008001ae        0x0 c:/my files/emmbeded sys/imt tools/sdk/imt_sdk_win_64/winavr/bin/../lib/gcc/avr/4.3.3/avr5\libgcc.a(_prologue.o)
 .bss           0x008001ae        0x0 c:/my files/emmbeded sys/imt tools/sdk/imt_sdk_win_64/winavr/bin/../lib/gcc/avr/4.3.3/avr5\libgcc.a(_epilogue.o)
 .bss           0x008001ae        0x0 c:/my files/emmbeded sys/imt tools/sdk/imt_sdk_win_64/winavr/bin/../lib/gcc/avr/4.3.3/avr5\libgcc.a(_clz.o)
 .bss           0x008001ae        0x0 c:/my files/emmbeded sys/imt tools/sdk/imt_sdk_win_64/winavr/bin/../lib/gcc/avr/4.3.3/avr5\libgcc.a(_clzsi2.o)
 .bss           0x008001ae        0x0 c:/my files/emmbeded sys/imt tools/sdk/imt_sdk_win_64/winavr/bin/../lib/gcc/avr/4.3.3/avr5\libgcc.a(_pack_sf.o)
 .bss           0x008001ae        0x0 c:/my files/emmbeded sys/imt tools/sdk/imt_sdk_win_64/winavr/bin/../lib/gcc/avr/4.3.3/avr5\libgcc.a(_unpack_sf.o)
 .bss           0x008001ae        0x0 c:/my files/emmbeded sys/imt tools/sdk/imt_sdk_win_64/winavr/bin/../lib/gcc/avr/4.3.3/avr5\libgcc.a(_fpcmp_parts_sf.o)
 *(.bss*)
 .bss.EXTI_CallBack
                0x008001ae        0x6 ./MCAL/2- EXTI/EXTI_Program.o
                0x008001ae                EXTI_CallBack
 *(COMMON)
                0x008001b4                PROVIDE (__bss_end, .)
                0x0000627c                __data_load_start = LOADADDR (.data)
                0x000063ca                __data_load_end = (__data_load_start + SIZEOF (.data))

.noinit         0x008001b4        0x0
                0x008001b4                PROVIDE (__noinit_start, .)
 *(.noinit*)
                0x008001b4                PROVIDE (__noinit_end, .)
                0x008001b4                _end = .
                0x008001b4                PROVIDE (__heap_start, .)

.eeprom         0x00810000        0x0
 *(.eeprom*)
                0x00810000                __eeprom_end = .

.fuse
 *(.fuse)
 *(.lfuse)
 *(.hfuse)
 *(.efuse)

.lock
 *(.lock*)

.signature
 *(.signature*)

.stab           0x00000000     0x3468
 *(.stab)
 .stab          0x00000000      0x1e0 ./MCAL/3- GIE/GIE_program.o
 .stab          0x000001e0      0x558 ./MCAL/2- EXTI/EXTI_Program.o
                                0x564 (size before relaxing)
 .stab          0x00000738      0x744 ./MCAL/1-DIO/DIO_program.o
                                0x750 (size before relaxing)
 .stab          0x00000e7c      0x63c ./HAL/5-KEYPAD/KPD_program.o
                                0x648 (size before relaxing)
 .stab          0x000014b8      0xedc ./HAL/4-LCD/CLCD_program.o
                               0x1074 (size before relaxing)
 .stab          0x00002394     0x10d4 ./main.o
                               0x1284 (size before relaxing)

.stabstr        0x00000000     0x16c0
 *(.stabstr)
 .stabstr       0x00000000     0x16c0 ./MCAL/3- GIE/GIE_program.o

.stab.excl
 *(.stab.excl)

.stab.exclstr
 *(.stab.exclstr)

.stab.index
 *(.stab.index)

.stab.indexstr
 *(.stab.indexstr)

.comment
 *(.comment)

.debug
 *(.debug)

.line
 *(.line)

.debug_srcinfo
 *(.debug_srcinfo)

.debug_sfnames
 *(.debug_sfnames)

.debug_aranges  0x00000000      0x240
 *(.debug_aranges)
 .debug_aranges
                0x00000000       0x20 c:/my files/emmbeded sys/imt tools/sdk/imt_sdk_win_64/winavr/bin/../lib/gcc/avr/4.3.3/avr5\libgcc.a(_ashldi3.o)
 .debug_aranges
                0x00000020       0x20 c:/my files/emmbeded sys/imt tools/sdk/imt_sdk_win_64/winavr/bin/../lib/gcc/avr/4.3.3/avr5\libgcc.a(_fixunssfsi.o)
 .debug_aranges
                0x00000040       0x20 c:/my files/emmbeded sys/imt tools/sdk/imt_sdk_win_64/winavr/bin/../lib/gcc/avr/4.3.3/avr5\libgcc.a(_fixunssfdi.o)
 .debug_aranges
                0x00000060       0x20 c:/my files/emmbeded sys/imt tools/sdk/imt_sdk_win_64/winavr/bin/../lib/gcc/avr/4.3.3/avr5\libgcc.a(_udivdi3.o)
 .debug_aranges
                0x00000080       0x20 c:/my files/emmbeded sys/imt tools/sdk/imt_sdk_win_64/winavr/bin/../lib/gcc/avr/4.3.3/avr5\libgcc.a(_umoddi3.o)
 .debug_aranges
                0x000000a0       0x20 c:/my files/emmbeded sys/imt tools/sdk/imt_sdk_win_64/winavr/bin/../lib/gcc/avr/4.3.3/avr5\libgcc.a(_addsub_sf.o)
 .debug_aranges
                0x000000c0       0x20 c:/my files/emmbeded sys/imt tools/sdk/imt_sdk_win_64/winavr/bin/../lib/gcc/avr/4.3.3/avr5\libgcc.a(_mul_sf.o)
 .debug_aranges
                0x000000e0       0x20 c:/my files/emmbeded sys/imt tools/sdk/imt_sdk_win_64/winavr/bin/../lib/gcc/avr/4.3.3/avr5\libgcc.a(_div_sf.o)
 .debug_aranges
                0x00000100       0x20 c:/my files/emmbeded sys/imt tools/sdk/imt_sdk_win_64/winavr/bin/../lib/gcc/avr/4.3.3/avr5\libgcc.a(_eq_sf.o)
 .debug_aranges
                0x00000120       0x20 c:/my files/emmbeded sys/imt tools/sdk/imt_sdk_win_64/winavr/bin/../lib/gcc/avr/4.3.3/avr5\libgcc.a(_gt_sf.o)
 .debug_aranges
                0x00000140       0x20 c:/my files/emmbeded sys/imt tools/sdk/imt_sdk_win_64/winavr/bin/../lib/gcc/avr/4.3.3/avr5\libgcc.a(_ge_sf.o)
 .debug_aranges
                0x00000160       0x20 c:/my files/emmbeded sys/imt tools/sdk/imt_sdk_win_64/winavr/bin/../lib/gcc/avr/4.3.3/avr5\libgcc.a(_lt_sf.o)
 .debug_aranges
                0x00000180       0x20 c:/my files/emmbeded sys/imt tools/sdk/imt_sdk_win_64/winavr/bin/../lib/gcc/avr/4.3.3/avr5\libgcc.a(_sf_to_si.o)
 .debug_aranges
                0x000001a0       0x20 c:/my files/emmbeded sys/imt tools/sdk/imt_sdk_win_64/winavr/bin/../lib/gcc/avr/4.3.3/avr5\libgcc.a(_usi_to_sf.o)
 .debug_aranges
                0x000001c0       0x20 c:/my files/emmbeded sys/imt tools/sdk/imt_sdk_win_64/winavr/bin/../lib/gcc/avr/4.3.3/avr5\libgcc.a(_clzsi2.o)
 .debug_aranges
                0x000001e0       0x20 c:/my files/emmbeded sys/imt tools/sdk/imt_sdk_win_64/winavr/bin/../lib/gcc/avr/4.3.3/avr5\libgcc.a(_pack_sf.o)
 .debug_aranges
                0x00000200       0x20 c:/my files/emmbeded sys/imt tools/sdk/imt_sdk_win_64/winavr/bin/../lib/gcc/avr/4.3.3/avr5\libgcc.a(_unpack_sf.o)
 .debug_aranges
                0x00000220       0x20 c:/my files/emmbeded sys/imt tools/sdk/imt_sdk_win_64/winavr/bin/../lib/gcc/avr/4.3.3/avr5\libgcc.a(_fpcmp_parts_sf.o)

.debug_pubnames
                0x00000000      0x293
 *(.debug_pubnames)
 .debug_pubnames
                0x00000000       0x20 c:/my files/emmbeded sys/imt tools/sdk/imt_sdk_win_64/winavr/bin/../lib/gcc/avr/4.3.3/avr5\libgcc.a(_ashldi3.o)
 .debug_pubnames
                0x00000020       0x23 c:/my files/emmbeded sys/imt tools/sdk/imt_sdk_win_64/winavr/bin/../lib/gcc/avr/4.3.3/avr5\libgcc.a(_fixunssfsi.o)
 .debug_pubnames
                0x00000043       0x23 c:/my files/emmbeded sys/imt tools/sdk/imt_sdk_win_64/winavr/bin/../lib/gcc/avr/4.3.3/avr5\libgcc.a(_fixunssfdi.o)
 .debug_pubnames
                0x00000066       0x20 c:/my files/emmbeded sys/imt tools/sdk/imt_sdk_win_64/winavr/bin/../lib/gcc/avr/4.3.3/avr5\libgcc.a(_udivdi3.o)
 .debug_pubnames
                0x00000086       0x20 c:/my files/emmbeded sys/imt tools/sdk/imt_sdk_win_64/winavr/bin/../lib/gcc/avr/4.3.3/avr5\libgcc.a(_umoddi3.o)
 .debug_pubnames
                0x000000a6       0x2c c:/my files/emmbeded sys/imt tools/sdk/imt_sdk_win_64/winavr/bin/../lib/gcc/avr/4.3.3/avr5\libgcc.a(_addsub_sf.o)
 .debug_pubnames
                0x000000d2       0x1f c:/my files/emmbeded sys/imt tools/sdk/imt_sdk_win_64/winavr/bin/../lib/gcc/avr/4.3.3/avr5\libgcc.a(_mul_sf.o)
 .debug_pubnames
                0x000000f1       0x1f c:/my files/emmbeded sys/imt tools/sdk/imt_sdk_win_64/winavr/bin/../lib/gcc/avr/4.3.3/avr5\libgcc.a(_div_sf.o)
 .debug_pubnames
                0x00000110       0x1e c:/my files/emmbeded sys/imt tools/sdk/imt_sdk_win_64/winavr/bin/../lib/gcc/avr/4.3.3/avr5\libgcc.a(_eq_sf.o)
 .debug_pubnames
                0x0000012e       0x1e c:/my files/emmbeded sys/imt tools/sdk/imt_sdk_win_64/winavr/bin/../lib/gcc/avr/4.3.3/avr5\libgcc.a(_gt_sf.o)
 .debug_pubnames
                0x0000014c       0x1e c:/my files/emmbeded sys/imt tools/sdk/imt_sdk_win_64/winavr/bin/../lib/gcc/avr/4.3.3/avr5\libgcc.a(_ge_sf.o)
 .debug_pubnames
                0x0000016a       0x1e c:/my files/emmbeded sys/imt tools/sdk/imt_sdk_win_64/winavr/bin/../lib/gcc/avr/4.3.3/avr5\libgcc.a(_lt_sf.o)
 .debug_pubnames
                0x00000188       0x20 c:/my files/emmbeded sys/imt tools/sdk/imt_sdk_win_64/winavr/bin/../lib/gcc/avr/4.3.3/avr5\libgcc.a(_sf_to_si.o)
 .debug_pubnames
                0x000001a8       0x22 c:/my files/emmbeded sys/imt tools/sdk/imt_sdk_win_64/winavr/bin/../lib/gcc/avr/4.3.3/avr5\libgcc.a(_thenan_sf.o)
 .debug_pubnames
                0x000001ca       0x24 c:/my files/emmbeded sys/imt tools/sdk/imt_sdk_win_64/winavr/bin/../lib/gcc/avr/4.3.3/avr5\libgcc.a(_usi_to_sf.o)
 .debug_pubnames
                0x000001ee       0x20 c:/my files/emmbeded sys/imt tools/sdk/imt_sdk_win_64/winavr/bin/../lib/gcc/avr/4.3.3/avr5\libgcc.a(_clz.o)
 .debug_pubnames
                0x0000020e       0x1f c:/my files/emmbeded sys/imt tools/sdk/imt_sdk_win_64/winavr/bin/../lib/gcc/avr/4.3.3/avr5\libgcc.a(_clzsi2.o)
 .debug_pubnames
                0x0000022d       0x1f c:/my files/emmbeded sys/imt tools/sdk/imt_sdk_win_64/winavr/bin/../lib/gcc/avr/4.3.3/avr5\libgcc.a(_pack_sf.o)
 .debug_pubnames
                0x0000024c       0x21 c:/my files/emmbeded sys/imt tools/sdk/imt_sdk_win_64/winavr/bin/../lib/gcc/avr/4.3.3/avr5\libgcc.a(_unpack_sf.o)
 .debug_pubnames
                0x0000026d       0x26 c:/my files/emmbeded sys/imt tools/sdk/imt_sdk_win_64/winavr/bin/../lib/gcc/avr/4.3.3/avr5\libgcc.a(_fpcmp_parts_sf.o)

.debug_info     0x00000000     0x378f
 *(.debug_info)
 .debug_info    0x00000000      0x17f c:/my files/emmbeded sys/imt tools/sdk/imt_sdk_win_64/winavr/bin/../lib/gcc/avr/4.3.3/avr5\libgcc.a(_ashldi3.o)
 .debug_info    0x0000017f       0xb1 c:/my files/emmbeded sys/imt tools/sdk/imt_sdk_win_64/winavr/bin/../lib/gcc/avr/4.3.3/avr5\libgcc.a(_fixunssfsi.o)
 .debug_info    0x00000230      0x111 c:/my files/emmbeded sys/imt tools/sdk/imt_sdk_win_64/winavr/bin/../lib/gcc/avr/4.3.3/avr5\libgcc.a(_fixunssfdi.o)
 .debug_info    0x00000341      0x71e c:/my files/emmbeded sys/imt tools/sdk/imt_sdk_win_64/winavr/bin/../lib/gcc/avr/4.3.3/avr5\libgcc.a(_udivdi3.o)
 .debug_info    0x00000a5f      0x757 c:/my files/emmbeded sys/imt tools/sdk/imt_sdk_win_64/winavr/bin/../lib/gcc/avr/4.3.3/avr5\libgcc.a(_umoddi3.o)
 .debug_info    0x000011b6      0x47a c:/my files/emmbeded sys/imt tools/sdk/imt_sdk_win_64/winavr/bin/../lib/gcc/avr/4.3.3/avr5\libgcc.a(_addsub_sf.o)
 .debug_info    0x00001630      0x485 c:/my files/emmbeded sys/imt tools/sdk/imt_sdk_win_64/winavr/bin/../lib/gcc/avr/4.3.3/avr5\libgcc.a(_mul_sf.o)
 .debug_info    0x00001ab5      0x3fc c:/my files/emmbeded sys/imt tools/sdk/imt_sdk_win_64/winavr/bin/../lib/gcc/avr/4.3.3/avr5\libgcc.a(_div_sf.o)
 .debug_info    0x00001eb1      0x27f c:/my files/emmbeded sys/imt tools/sdk/imt_sdk_win_64/winavr/bin/../lib/gcc/avr/4.3.3/avr5\libgcc.a(_eq_sf.o)
 .debug_info    0x00002130      0x27f c:/my files/emmbeded sys/imt tools/sdk/imt_sdk_win_64/winavr/bin/../lib/gcc/avr/4.3.3/avr5\libgcc.a(_gt_sf.o)
 .debug_info    0x000023af      0x27f c:/my files/emmbeded sys/imt tools/sdk/imt_sdk_win_64/winavr/bin/../lib/gcc/avr/4.3.3/avr5\libgcc.a(_ge_sf.o)
 .debug_info    0x0000262e      0x27f c:/my files/emmbeded sys/imt tools/sdk/imt_sdk_win_64/winavr/bin/../lib/gcc/avr/4.3.3/avr5\libgcc.a(_lt_sf.o)
 .debug_info    0x000028ad      0x2b0 c:/my files/emmbeded sys/imt tools/sdk/imt_sdk_win_64/winavr/bin/../lib/gcc/avr/4.3.3/avr5\libgcc.a(_sf_to_si.o)
 .debug_info    0x00002b5d      0x12c c:/my files/emmbeded sys/imt tools/sdk/imt_sdk_win_64/winavr/bin/../lib/gcc/avr/4.3.3/avr5\libgcc.a(_thenan_sf.o)
 .debug_info    0x00002c89      0x206 c:/my files/emmbeded sys/imt tools/sdk/imt_sdk_win_64/winavr/bin/../lib/gcc/avr/4.3.3/avr5\libgcc.a(_usi_to_sf.o)
 .debug_info    0x00002e8f       0xa9 c:/my files/emmbeded sys/imt tools/sdk/imt_sdk_win_64/winavr/bin/../lib/gcc/avr/4.3.3/avr5\libgcc.a(_clz.o)
 .debug_info    0x00002f38      0x117 c:/my files/emmbeded sys/imt tools/sdk/imt_sdk_win_64/winavr/bin/../lib/gcc/avr/4.3.3/avr5\libgcc.a(_clzsi2.o)
 .debug_info    0x0000304f      0x2df c:/my files/emmbeded sys/imt tools/sdk/imt_sdk_win_64/winavr/bin/../lib/gcc/avr/4.3.3/avr5\libgcc.a(_pack_sf.o)
 .debug_info    0x0000332e      0x251 c:/my files/emmbeded sys/imt tools/sdk/imt_sdk_win_64/winavr/bin/../lib/gcc/avr/4.3.3/avr5\libgcc.a(_unpack_sf.o)
 .debug_info    0x0000357f      0x210 c:/my files/emmbeded sys/imt tools/sdk/imt_sdk_win_64/winavr/bin/../lib/gcc/avr/4.3.3/avr5\libgcc.a(_fpcmp_parts_sf.o)
 *(.gnu.linkonce.wi.*)

.debug_abbrev   0x00000000     0x197d
 *(.debug_abbrev)
 .debug_abbrev  0x00000000       0xee c:/my files/emmbeded sys/imt tools/sdk/imt_sdk_win_64/winavr/bin/../lib/gcc/avr/4.3.3/avr5\libgcc.a(_ashldi3.o)
 .debug_abbrev  0x000000ee       0x5d c:/my files/emmbeded sys/imt tools/sdk/imt_sdk_win_64/winavr/bin/../lib/gcc/avr/4.3.3/avr5\libgcc.a(_fixunssfsi.o)
 .debug_abbrev  0x0000014b       0x9e c:/my files/emmbeded sys/imt tools/sdk/imt_sdk_win_64/winavr/bin/../lib/gcc/avr/4.3.3/avr5\libgcc.a(_fixunssfdi.o)
 .debug_abbrev  0x000001e9      0x181 c:/my files/emmbeded sys/imt tools/sdk/imt_sdk_win_64/winavr/bin/../lib/gcc/avr/4.3.3/avr5\libgcc.a(_udivdi3.o)
 .debug_abbrev  0x0000036a      0x190 c:/my files/emmbeded sys/imt tools/sdk/imt_sdk_win_64/winavr/bin/../lib/gcc/avr/4.3.3/avr5\libgcc.a(_umoddi3.o)
 .debug_abbrev  0x000004fa      0x1ea c:/my files/emmbeded sys/imt tools/sdk/imt_sdk_win_64/winavr/bin/../lib/gcc/avr/4.3.3/avr5\libgcc.a(_addsub_sf.o)
 .debug_abbrev  0x000006e4      0x21b c:/my files/emmbeded sys/imt tools/sdk/imt_sdk_win_64/winavr/bin/../lib/gcc/avr/4.3.3/avr5\libgcc.a(_mul_sf.o)
 .debug_abbrev  0x000008ff      0x216 c:/my files/emmbeded sys/imt tools/sdk/imt_sdk_win_64/winavr/bin/../lib/gcc/avr/4.3.3/avr5\libgcc.a(_div_sf.o)
 .debug_abbrev  0x00000b15      0x15a c:/my files/emmbeded sys/imt tools/sdk/imt_sdk_win_64/winavr/bin/../lib/gcc/avr/4.3.3/avr5\libgcc.a(_eq_sf.o)
 .debug_abbrev  0x00000c6f      0x15a c:/my files/emmbeded sys/imt tools/sdk/imt_sdk_win_64/winavr/bin/../lib/gcc/avr/4.3.3/avr5\libgcc.a(_gt_sf.o)
 .debug_abbrev  0x00000dc9      0x15a c:/my files/emmbeded sys/imt tools/sdk/imt_sdk_win_64/winavr/bin/../lib/gcc/avr/4.3.3/avr5\libgcc.a(_ge_sf.o)
 .debug_abbrev  0x00000f23      0x15a c:/my files/emmbeded sys/imt tools/sdk/imt_sdk_win_64/winavr/bin/../lib/gcc/avr/4.3.3/avr5\libgcc.a(_lt_sf.o)
 .debug_abbrev  0x0000107d      0x17f c:/my files/emmbeded sys/imt tools/sdk/imt_sdk_win_64/winavr/bin/../lib/gcc/avr/4.3.3/avr5\libgcc.a(_sf_to_si.o)
 .debug_abbrev  0x000011fc       0xad c:/my files/emmbeded sys/imt tools/sdk/imt_sdk_win_64/winavr/bin/../lib/gcc/avr/4.3.3/avr5\libgcc.a(_thenan_sf.o)
 .debug_abbrev  0x000012a9      0x157 c:/my files/emmbeded sys/imt tools/sdk/imt_sdk_win_64/winavr/bin/../lib/gcc/avr/4.3.3/avr5\libgcc.a(_usi_to_sf.o)
 .debug_abbrev  0x00001400       0x6a c:/my files/emmbeded sys/imt tools/sdk/imt_sdk_win_64/winavr/bin/../lib/gcc/avr/4.3.3/avr5\libgcc.a(_clz.o)
 .debug_abbrev  0x0000146a       0xc4 c:/my files/emmbeded sys/imt tools/sdk/imt_sdk_win_64/winavr/bin/../lib/gcc/avr/4.3.3/avr5\libgcc.a(_clzsi2.o)
 .debug_abbrev  0x0000152e      0x1c0 c:/my files/emmbeded sys/imt tools/sdk/imt_sdk_win_64/winavr/bin/../lib/gcc/avr/4.3.3/avr5\libgcc.a(_pack_sf.o)
 .debug_abbrev  0x000016ee      0x154 c:/my files/emmbeded sys/imt tools/sdk/imt_sdk_win_64/winavr/bin/../lib/gcc/avr/4.3.3/avr5\libgcc.a(_unpack_sf.o)
 .debug_abbrev  0x00001842      0x13b c:/my files/emmbeded sys/imt tools/sdk/imt_sdk_win_64/winavr/bin/../lib/gcc/avr/4.3.3/avr5\libgcc.a(_fpcmp_parts_sf.o)

.debug_line     0x00000000     0x186f
 *(.debug_line)
 .debug_line    0x00000000       0xd7 c:/my files/emmbeded sys/imt tools/sdk/imt_sdk_win_64/winavr/bin/../lib/gcc/avr/4.3.3/avr5\libgcc.a(_ashldi3.o)
 .debug_line    0x000000d7       0xa7 c:/my files/emmbeded sys/imt tools/sdk/imt_sdk_win_64/winavr/bin/../lib/gcc/avr/4.3.3/avr5\libgcc.a(_fixunssfsi.o)
 .debug_line    0x0000017e       0xe7 c:/my files/emmbeded sys/imt tools/sdk/imt_sdk_win_64/winavr/bin/../lib/gcc/avr/4.3.3/avr5\libgcc.a(_fixunssfdi.o)
 .debug_line    0x00000265      0x1d8 c:/my files/emmbeded sys/imt tools/sdk/imt_sdk_win_64/winavr/bin/../lib/gcc/avr/4.3.3/avr5\libgcc.a(_udivdi3.o)
 .debug_line    0x0000043d      0x230 c:/my files/emmbeded sys/imt tools/sdk/imt_sdk_win_64/winavr/bin/../lib/gcc/avr/4.3.3/avr5\libgcc.a(_umoddi3.o)
 .debug_line    0x0000066d      0x2af c:/my files/emmbeded sys/imt tools/sdk/imt_sdk_win_64/winavr/bin/../lib/gcc/avr/4.3.3/avr5\libgcc.a(_addsub_sf.o)
 .debug_line    0x0000091c      0x239 c:/my files/emmbeded sys/imt tools/sdk/imt_sdk_win_64/winavr/bin/../lib/gcc/avr/4.3.3/avr5\libgcc.a(_mul_sf.o)
 .debug_line    0x00000b55      0x1d5 c:/my files/emmbeded sys/imt tools/sdk/imt_sdk_win_64/winavr/bin/../lib/gcc/avr/4.3.3/avr5\libgcc.a(_div_sf.o)
 .debug_line    0x00000d2a       0xd3 c:/my files/emmbeded sys/imt tools/sdk/imt_sdk_win_64/winavr/bin/../lib/gcc/avr/4.3.3/avr5\libgcc.a(_eq_sf.o)
 .debug_line    0x00000dfd       0xd3 c:/my files/emmbeded sys/imt tools/sdk/imt_sdk_win_64/winavr/bin/../lib/gcc/avr/4.3.3/avr5\libgcc.a(_gt_sf.o)
 .debug_line    0x00000ed0       0xd3 c:/my files/emmbeded sys/imt tools/sdk/imt_sdk_win_64/winavr/bin/../lib/gcc/avr/4.3.3/avr5\libgcc.a(_ge_sf.o)
 .debug_line    0x00000fa3       0xd3 c:/my files/emmbeded sys/imt tools/sdk/imt_sdk_win_64/winavr/bin/../lib/gcc/avr/4.3.3/avr5\libgcc.a(_lt_sf.o)
 .debug_line    0x00001076      0x109 c:/my files/emmbeded sys/imt tools/sdk/imt_sdk_win_64/winavr/bin/../lib/gcc/avr/4.3.3/avr5\libgcc.a(_sf_to_si.o)
 .debug_line    0x0000117f       0x90 c:/my files/emmbeded sys/imt tools/sdk/imt_sdk_win_64/winavr/bin/../lib/gcc/avr/4.3.3/avr5\libgcc.a(_thenan_sf.o)
 .debug_line    0x0000120f      0x133 c:/my files/emmbeded sys/imt tools/sdk/imt_sdk_win_64/winavr/bin/../lib/gcc/avr/4.3.3/avr5\libgcc.a(_usi_to_sf.o)
 .debug_line    0x00001342       0x7c c:/my files/emmbeded sys/imt tools/sdk/imt_sdk_win_64/winavr/bin/../lib/gcc/avr/4.3.3/avr5\libgcc.a(_clz.o)
 .debug_line    0x000013be       0xa5 c:/my files/emmbeded sys/imt tools/sdk/imt_sdk_win_64/winavr/bin/../lib/gcc/avr/4.3.3/avr5\libgcc.a(_clzsi2.o)
 .debug_line    0x00001463      0x18a c:/my files/emmbeded sys/imt tools/sdk/imt_sdk_win_64/winavr/bin/../lib/gcc/avr/4.3.3/avr5\libgcc.a(_pack_sf.o)
 .debug_line    0x000015ed      0x14b c:/my files/emmbeded sys/imt tools/sdk/imt_sdk_win_64/winavr/bin/../lib/gcc/avr/4.3.3/avr5\libgcc.a(_unpack_sf.o)
 .debug_line    0x00001738      0x137 c:/my files/emmbeded sys/imt tools/sdk/imt_sdk_win_64/winavr/bin/../lib/gcc/avr/4.3.3/avr5\libgcc.a(_fpcmp_parts_sf.o)

.debug_frame    0x00000000      0x260
 *(.debug_frame)
 .debug_frame   0x00000000       0x20 c:/my files/emmbeded sys/imt tools/sdk/imt_sdk_win_64/winavr/bin/../lib/gcc/avr/4.3.3/avr5\libgcc.a(_ashldi3.o)
 .debug_frame   0x00000020       0x20 c:/my files/emmbeded sys/imt tools/sdk/imt_sdk_win_64/winavr/bin/../lib/gcc/avr/4.3.3/avr5\libgcc.a(_fixunssfsi.o)
 .debug_frame   0x00000040       0x20 c:/my files/emmbeded sys/imt tools/sdk/imt_sdk_win_64/winavr/bin/../lib/gcc/avr/4.3.3/avr5\libgcc.a(_fixunssfdi.o)
 .debug_frame   0x00000060       0x20 c:/my files/emmbeded sys/imt tools/sdk/imt_sdk_win_64/winavr/bin/../lib/gcc/avr/4.3.3/avr5\libgcc.a(_udivdi3.o)
 .debug_frame   0x00000080       0x20 c:/my files/emmbeded sys/imt tools/sdk/imt_sdk_win_64/winavr/bin/../lib/gcc/avr/4.3.3/avr5\libgcc.a(_umoddi3.o)
 .debug_frame   0x000000a0       0x40 c:/my files/emmbeded sys/imt tools/sdk/imt_sdk_win_64/winavr/bin/../lib/gcc/avr/4.3.3/avr5\libgcc.a(_addsub_sf.o)
 .debug_frame   0x000000e0       0x20 c:/my files/emmbeded sys/imt tools/sdk/imt_sdk_win_64/winavr/bin/../lib/gcc/avr/4.3.3/avr5\libgcc.a(_mul_sf.o)
 .debug_frame   0x00000100       0x20 c:/my files/emmbeded sys/imt tools/sdk/imt_sdk_win_64/winavr/bin/../lib/gcc/avr/4.3.3/avr5\libgcc.a(_div_sf.o)
 .debug_frame   0x00000120       0x20 c:/my files/emmbeded sys/imt tools/sdk/imt_sdk_win_64/winavr/bin/../lib/gcc/avr/4.3.3/avr5\libgcc.a(_eq_sf.o)
 .debug_frame   0x00000140       0x20 c:/my files/emmbeded sys/imt tools/sdk/imt_sdk_win_64/winavr/bin/../lib/gcc/avr/4.3.3/avr5\libgcc.a(_gt_sf.o)
 .debug_frame   0x00000160       0x20 c:/my files/emmbeded sys/imt tools/sdk/imt_sdk_win_64/winavr/bin/../lib/gcc/avr/4.3.3/avr5\libgcc.a(_ge_sf.o)
 .debug_frame   0x00000180       0x20 c:/my files/emmbeded sys/imt tools/sdk/imt_sdk_win_64/winavr/bin/../lib/gcc/avr/4.3.3/avr5\libgcc.a(_lt_sf.o)
 .debug_frame   0x000001a0       0x20 c:/my files/emmbeded sys/imt tools/sdk/imt_sdk_win_64/winavr/bin/../lib/gcc/avr/4.3.3/avr5\libgcc.a(_sf_to_si.o)
 .debug_frame   0x000001c0       0x20 c:/my files/emmbeded sys/imt tools/sdk/imt_sdk_win_64/winavr/bin/../lib/gcc/avr/4.3.3/avr5\libgcc.a(_usi_to_sf.o)
 .debug_frame   0x000001e0       0x20 c:/my files/emmbeded sys/imt tools/sdk/imt_sdk_win_64/winavr/bin/../lib/gcc/avr/4.3.3/avr5\libgcc.a(_clzsi2.o)
 .debug_frame   0x00000200       0x20 c:/my files/emmbeded sys/imt tools/sdk/imt_sdk_win_64/winavr/bin/../lib/gcc/avr/4.3.3/avr5\libgcc.a(_pack_sf.o)
 .debug_frame   0x00000220       0x20 c:/my files/emmbeded sys/imt tools/sdk/imt_sdk_win_64/winavr/bin/../lib/gcc/avr/4.3.3/avr5\libgcc.a(_unpack_sf.o)
 .debug_frame   0x00000240       0x20 c:/my files/emmbeded sys/imt tools/sdk/imt_sdk_win_64/winavr/bin/../lib/gcc/avr/4.3.3/avr5\libgcc.a(_fpcmp_parts_sf.o)

.debug_str      0x00000000      0x3bf
 *(.debug_str)
 .debug_str     0x00000000       0xdf c:/my files/emmbeded sys/imt tools/sdk/imt_sdk_win_64/winavr/bin/../lib/gcc/avr/4.3.3/avr5\libgcc.a(_ashldi3.o)
                                0x131 (size before relaxing)
 .debug_str     0x000000df       0x14 c:/my files/emmbeded sys/imt tools/sdk/imt_sdk_win_64/winavr/bin/../lib/gcc/avr/4.3.3/avr5\libgcc.a(_fixunssfsi.o)
                                 0xfe (size before relaxing)
 .debug_str     0x000000f3       0x2c c:/my files/emmbeded sys/imt tools/sdk/imt_sdk_win_64/winavr/bin/../lib/gcc/avr/4.3.3/avr5\libgcc.a(_fixunssfdi.o)
                                0x11d (size before relaxing)
 .debug_str     0x0000011f       0x74 c:/my files/emmbeded sys/imt tools/sdk/imt_sdk_win_64/winavr/bin/../lib/gcc/avr/4.3.3/avr5\libgcc.a(_udivdi3.o)
                                0x18a (size before relaxing)
 .debug_str     0x00000193        0xa c:/my files/emmbeded sys/imt tools/sdk/imt_sdk_win_64/winavr/bin/../lib/gcc/avr/4.3.3/avr5\libgcc.a(_umoddi3.o)
                                0x18a (size before relaxing)
 .debug_str     0x0000019d      0x14d c:/my files/emmbeded sys/imt tools/sdk/imt_sdk_win_64/winavr/bin/../lib/gcc/avr/4.3.3/avr5\libgcc.a(_addsub_sf.o)
                                0x206 (size before relaxing)
 .debug_str     0x000002ea       0x27 c:/my files/emmbeded sys/imt tools/sdk/imt_sdk_win_64/winavr/bin/../lib/gcc/avr/4.3.3/avr5\libgcc.a(_mul_sf.o)
                                0x1bf (size before relaxing)
 .debug_str     0x00000311       0x35 c:/my files/emmbeded sys/imt tools/sdk/imt_sdk_win_64/winavr/bin/../lib/gcc/avr/4.3.3/avr5\libgcc.a(_div_sf.o)
                                0x1c8 (size before relaxing)
 .debug_str     0x00000346        0x8 c:/my files/emmbeded sys/imt tools/sdk/imt_sdk_win_64/winavr/bin/../lib/gcc/avr/4.3.3/avr5\libgcc.a(_eq_sf.o)
                                0x195 (size before relaxing)
 .debug_str     0x0000034e        0x8 c:/my files/emmbeded sys/imt tools/sdk/imt_sdk_win_64/winavr/bin/../lib/gcc/avr/4.3.3/avr5\libgcc.a(_gt_sf.o)
                                0x195 (size before relaxing)
 .debug_str     0x00000356        0x8 c:/my files/emmbeded sys/imt tools/sdk/imt_sdk_win_64/winavr/bin/../lib/gcc/avr/4.3.3/avr5\libgcc.a(_ge_sf.o)
                                0x195 (size before relaxing)
 .debug_str     0x0000035e        0x8 c:/my files/emmbeded sys/imt tools/sdk/imt_sdk_win_64/winavr/bin/../lib/gcc/avr/4.3.3/avr5\libgcc.a(_lt_sf.o)
                                0x195 (size before relaxing)
 .debug_str     0x00000366        0xa c:/my files/emmbeded sys/imt tools/sdk/imt_sdk_win_64/winavr/bin/../lib/gcc/avr/4.3.3/avr5\libgcc.a(_sf_to_si.o)
                                0x19e (size before relaxing)
 .debug_str     0x00000000      0x103 c:/my files/emmbeded sys/imt tools/sdk/imt_sdk_win_64/winavr/bin/../lib/gcc/avr/4.3.3/avr5\libgcc.a(_thenan_sf.o)
 .debug_str     0x00000370       0x1b c:/my files/emmbeded sys/imt tools/sdk/imt_sdk_win_64/winavr/bin/../lib/gcc/avr/4.3.3/avr5\libgcc.a(_usi_to_sf.o)
                                0x177 (size before relaxing)
 .debug_str     0x00000000       0xf4 c:/my files/emmbeded sys/imt tools/sdk/imt_sdk_win_64/winavr/bin/../lib/gcc/avr/4.3.3/avr5\libgcc.a(_clz.o)
 .debug_str     0x0000038b        0x9 c:/my files/emmbeded sys/imt tools/sdk/imt_sdk_win_64/winavr/bin/../lib/gcc/avr/4.3.3/avr5\libgcc.a(_clzsi2.o)
                                0x111 (size before relaxing)
 .debug_str     0x00000394       0x10 c:/my files/emmbeded sys/imt tools/sdk/imt_sdk_win_64/winavr/bin/../lib/gcc/avr/4.3.3/avr5\libgcc.a(_pack_sf.o)
                                0x19d (size before relaxing)
 .debug_str     0x000003a4        0xb c:/my files/emmbeded sys/imt tools/sdk/imt_sdk_win_64/winavr/bin/../lib/gcc/avr/4.3.3/avr5\libgcc.a(_unpack_sf.o)
                                0x17f (size before relaxing)
 .debug_str     0x000003af       0x10 c:/my files/emmbeded sys/imt tools/sdk/imt_sdk_win_64/winavr/bin/../lib/gcc/avr/4.3.3/avr5\libgcc.a(_fpcmp_parts_sf.o)
                                0x163 (size before relaxing)

.debug_loc      0x00000000     0x245c
 *(.debug_loc)
 .debug_loc     0x00000000       0xf8 c:/my files/emmbeded sys/imt tools/sdk/imt_sdk_win_64/winavr/bin/../lib/gcc/avr/4.3.3/avr5\libgcc.a(_ashldi3.o)
 .debug_loc     0x000000f8       0x34 c:/my files/emmbeded sys/imt tools/sdk/imt_sdk_win_64/winavr/bin/../lib/gcc/avr/4.3.3/avr5\libgcc.a(_fixunssfsi.o)
 .debug_loc     0x0000012c       0x94 c:/my files/emmbeded sys/imt tools/sdk/imt_sdk_win_64/winavr/bin/../lib/gcc/avr/4.3.3/avr5\libgcc.a(_fixunssfdi.o)
 .debug_loc     0x000001c0      0xe74 c:/my files/emmbeded sys/imt tools/sdk/imt_sdk_win_64/winavr/bin/../lib/gcc/avr/4.3.3/avr5\libgcc.a(_udivdi3.o)
 .debug_loc     0x00001034      0xab2 c:/my files/emmbeded sys/imt tools/sdk/imt_sdk_win_64/winavr/bin/../lib/gcc/avr/4.3.3/avr5\libgcc.a(_umoddi3.o)
 .debug_loc     0x00001ae6      0x32a c:/my files/emmbeded sys/imt tools/sdk/imt_sdk_win_64/winavr/bin/../lib/gcc/avr/4.3.3/avr5\libgcc.a(_addsub_sf.o)
 .debug_loc     0x00001e10      0x104 c:/my files/emmbeded sys/imt tools/sdk/imt_sdk_win_64/winavr/bin/../lib/gcc/avr/4.3.3/avr5\libgcc.a(_mul_sf.o)
 .debug_loc     0x00001f14       0xc0 c:/my files/emmbeded sys/imt tools/sdk/imt_sdk_win_64/winavr/bin/../lib/gcc/avr/4.3.3/avr5\libgcc.a(_div_sf.o)
 .debug_loc     0x00001fd4       0x3c c:/my files/emmbeded sys/imt tools/sdk/imt_sdk_win_64/winavr/bin/../lib/gcc/avr/4.3.3/avr5\libgcc.a(_eq_sf.o)
 .debug_loc     0x00002010       0x3c c:/my files/emmbeded sys/imt tools/sdk/imt_sdk_win_64/winavr/bin/../lib/gcc/avr/4.3.3/avr5\libgcc.a(_gt_sf.o)
 .debug_loc     0x0000204c       0x3c c:/my files/emmbeded sys/imt tools/sdk/imt_sdk_win_64/winavr/bin/../lib/gcc/avr/4.3.3/avr5\libgcc.a(_ge_sf.o)
 .debug_loc     0x00002088       0x3c c:/my files/emmbeded sys/imt tools/sdk/imt_sdk_win_64/winavr/bin/../lib/gcc/avr/4.3.3/avr5\libgcc.a(_lt_sf.o)
 .debug_loc     0x000020c4       0x7e c:/my files/emmbeded sys/imt tools/sdk/imt_sdk_win_64/winavr/bin/../lib/gcc/avr/4.3.3/avr5\libgcc.a(_sf_to_si.o)
 .debug_loc     0x00002142       0x4c c:/my files/emmbeded sys/imt tools/sdk/imt_sdk_win_64/winavr/bin/../lib/gcc/avr/4.3.3/avr5\libgcc.a(_usi_to_sf.o)
 .debug_loc     0x0000218e       0x94 c:/my files/emmbeded sys/imt tools/sdk/imt_sdk_win_64/winavr/bin/../lib/gcc/avr/4.3.3/avr5\libgcc.a(_clzsi2.o)
 .debug_loc     0x00002222      0x13e c:/my files/emmbeded sys/imt tools/sdk/imt_sdk_win_64/winavr/bin/../lib/gcc/avr/4.3.3/avr5\libgcc.a(_pack_sf.o)
 .debug_loc     0x00002360       0xac c:/my files/emmbeded sys/imt tools/sdk/imt_sdk_win_64/winavr/bin/../lib/gcc/avr/4.3.3/avr5\libgcc.a(_unpack_sf.o)
 .debug_loc     0x0000240c       0x50 c:/my files/emmbeded sys/imt tools/sdk/imt_sdk_win_64/winavr/bin/../lib/gcc/avr/4.3.3/avr5\libgcc.a(_fpcmp_parts_sf.o)

.debug_macinfo
 *(.debug_macinfo)
OUTPUT(KPAD_Calculator.elf elf32-avr)
LOAD linker stubs

.debug_ranges   0x00000000       0x80
 .debug_ranges  0x00000000       0x18 c:/my files/emmbeded sys/imt tools/sdk/imt_sdk_win_64/winavr/bin/../lib/gcc/avr/4.3.3/avr5\libgcc.a(_udivdi3.o)
 .debug_ranges  0x00000018       0x18 c:/my files/emmbeded sys/imt tools/sdk/imt_sdk_win_64/winavr/bin/../lib/gcc/avr/4.3.3/avr5\libgcc.a(_umoddi3.o)
 .debug_ranges  0x00000030       0x50 c:/my files/emmbeded sys/imt tools/sdk/imt_sdk_win_64/winavr/bin/../lib/gcc/avr/4.3.3/avr5\libgcc.a(_mul_sf.o)
